// Vitest Snapshot v1, https://vitest.dev/guide/snapshot.html

exports[`Cell > renders correctly 1`] = `
<div
  style="float: left; width: 40px; height: 40px; margin: 1px; background: rgb(0, 153, 0);"
>
  <span
    data-testid="stone"
    style="display: inline-block; width: 36px; height: 36px; border-radius: 40px; background: rgb(32, 39, 32); margin: 2px;"
  />
</div>
`;
